// Jest Snapshot v1, https://goo.gl/fbAQLP

exports[`button 1`] = `
<div>
  Button2
</div>
`;
